// Jest Snapshot v1, https://goo.gl/fbAQLP

exports[`renders correctly 1`] = `
<div
  className="signUpSection container-md"
>
  <div
    className="row"
  >
    <div
      className="signUpImg col-md-6 col-12"
    >
      <img
        alt="Two women support each other"
        src="womenSupportEachOther.png"
      />
    </div>
    <div
      className="signUpForm col-md-6 col-12"
    >
      <h2>
        Welcome to Safe Place!
      </h2>
      <h4>
        Sign up with
      </h4>
      <ul
        className="signUpIcons"
      >
        <li
          className="signUpIcon"
        >
          <a
            href="#/"
          >
            <img
              alt="Twitter icon"
              src="twitterIcon.svg"
            />
          </a>
        </li>
        <li
          className="signUpIcon"
        >
          <a
            href="#/"
            onClick={[Function]}
          >
            <img
              alt="Facebook icon"
              src="facebookIcon.svg"
            />
          </a>
        </li>
        <li
          className="signUpIcon"
        >
          <a
            href="#/"
            onClick={[Function]}
          >
            <img
              alt="Google icon"
              src="googleIcon.svg"
            />
          </a>
        </li>
      </ul>
      <hr
        className="divider"
      />
      <div
        className="signUpForm"
      >
        <form
          onSubmit={[Function]}
        >
          <div
            className="formInputGroup"
          >
            <div
              className="formInput"
            >
              <input
                aria-label="firstName"
                className=""
                name="firstName"
                placeholder="First name"
                type="text"
              />
            </div>
            <div
              className="formInput"
            >
              <input
                aria-label="lastName"
                className=""
                name="lastName"
                placeholder="Last name"
                type="text"
              />
            </div>
          </div>
          <div
            className="formInput"
          >
            <input
              aria-label="email"
              className=""
              name="email"
              placeholder="Your email"
              type="email"
            />
          </div>
          <div
            className="formInputGroup"
          >
            <div
              className="formInput"
            >
              <input
                aria-label="password"
                className=""
                name="password"
                placeholder="Password"
                type="password"
              />
            </div>
            <div
              className="formInput"
            >
              <input
                aria-label="confirmPassword"
                className=""
                name="confirmPassword"
                placeholder="Repeat password"
                type="password"
              />
            </div>
          </div>
          <div
            className="formInput"
          >
            <label
              htmlFor="acceptTerms"
            >
              <input
                aria-label="acceptTerms"
                className=""
                id="acceptTerms"
                name="acceptTerms"
                type="checkbox"
                value="accepted"
              />
              I have read and agree with the 
              <a
                href="/terms"
              >
                Terms of Service
              </a>
               
              and our 
              <a
                href="/privacy"
              >
                Privacy Policy
              </a>
            </label>
          </div>
          <button
            className="submitBtn"
            type="submit"
          >
            Sign in
          </button>
        </form>
      </div>
      <p>
        Already have an account? 
        <a
          href="/signin"
        >
          Sign in
        </a>
      </p>
    </div>
  </div>
</div>
`;
