// Jest Snapshot v1, https://goo.gl/fbAQLP

exports[`SigninForm renders correctly and matches the snapshot 1`] = `
<div
  className="signInForm"
>
  <form
    onSubmit={[Function]}
  >
    <div
      className="formInput"
    >
      <input
        aria-label="email"
        className=""
        name="email"
        placeholder="signIn.form.yourEmail"
        type="email"
      />
    </div>
    <div
      className="formInput"
    >
      <input
        aria-label="password"
        className=""
        name="password"
        placeholder="signIn.form.yourPassword"
        type="password"
      />
    </div>
    <div
      className="formInput"
    >
      <label
        htmlFor="remembered"
      >
        <input
          id="remembered"
          name="remembered"
          type="checkbox"
          value="toBeRemembered"
        />
        signIn.form.rememberMe
      </label>
    </div>
    <button
      className="submitBtn"
      type="submit"
    >
      signIn.form.signIn
    </button>
  </form>
</div>
`;
