// Jest Snapshot v1, https://goo.gl/fbAQLP

exports[`Blogs Renders without crashing 1`] = `
<div>
  <div
    class="container"
  >
    <div
      class="searchBar row"
    >
      <div
        class="container"
      >
        <div
          class="row"
        >
          <div
            class="col"
          >
            <input
              class="mr-sm-2 searchBarInput"
              placeholder="Search"
            />
            <img
              alt="Search Icon"
              class="searchIcon"
              src="searchIcon.svg"
            />
          </div>
        </div>
      </div>
    </div>
    <div
      class="justify-content-center row"
    >
      <div
        class="col-md-4"
      >
        <a
          href="/blog/78"
        >
          <div
            class="blogPost card"
          >
            <img
              class="card-img-top"
              src="https://safeplace102505649.files.wordpress.com/2020/11/womentogether.jpg"
            />
            <div
              class="card-body"
            >
              <div
                class="blogPostTitle card-title h5"
              >
                You can find safe place for yourself here
              </div>
            </div>
          </div>
        </a>
      </div>
    </div>
  </div>
</div>
`;
