// Jest Snapshot v1, https://goo.gl/fbAQLP

exports[`renders correctly 1`] = `
<nav
  className="helpNavbar navbar navbar-expand navbar-light"
>
  <div
    className="container"
  >
    <div
      className="navbar-nav"
      onKeyDown={[Function]}
    >
      <p>
        Immediate helpline:
      </p>
      <img
        alt="phone-icon"
        src="phone.svg"
        width="16px"
      />
      <p>
        +1-340-5558-235
      </p>
    </div>
    <form
      className="form-inline"
    >
      <input
        className="mr-sm-2 form-control"
        placeholder="Search"
        type="text"
      />
      <button
        className="btn btn-outline-primary"
        disabled={false}
        type="button"
      >
        Search
      </button>
    </form>
  </div>
</nav>
`;
