// Jest Snapshot v1, https://goo.gl/fbAQLP

exports[`renders correctly 1`] = `
<nav
  className="helpNavbar navbar navbar-expand navbar-light"
>
  <div
    className="container"
  >
    <div
      className="col"
    >
      <p>
        helpNavbar.title
      </p>
      <img
        alt="Phone icon"
        src="phone.svg"
      />
      <a
        href="tel:+1-340-5558-235"
      >
        +1-340-5558-235
      </a>
    </div>
  </div>
</nav>
`;
