// Jest Snapshot v1, https://goo.gl/fbAQLP

exports[`renders correctly and matches the snapshot 1`] = `
<div
  className="justify-content-md-center row"
>
  <div
    className="card col"
  >
    <div
      className="row"
    >
      <div
        className="col"
      >
        <h3 />
        <h5 />
      </div>
      <div
        className="col"
      >
        <h3 />
        <h5 />
      </div>
      <div
        className="col"
      >
        <h3 />
        <h5 />
      </div>
      <div
        className="col"
      >
        <h3 />
        <h5 />
      </div>
      <div
        className="col"
      >
        <h3 />
        <h5 />
      </div>
      <div
        className="col"
      >
        <h3 />
        <h5 />
      </div>
      <div
        className="col"
      >
        <h3 />
        <h5 />
      </div>
      <div
        className="col"
      >
        <h3 />
        <h5 />
      </div>
      <div
        className="col"
      >
        <h3 />
        <h5 />
      </div>
      <div
        className="col"
      >
        <h3 />
        <h5 />
      </div>
      <div
        className="col"
      >
        <h3 />
        <h5 />
      </div>
      <div
        className="col"
      >
        <h3 />
        <h5 />
      </div>
      <div
        className="col"
      >
        <h3 />
        <h5 />
      </div>
      <div
        className="col"
      >
        <h3 />
        <h5 />
      </div>
      <div
        className="col"
      >
        <h3 />
        <h5 />
      </div>
      <div
        className="col"
      >
        <h3 />
        <h5 />
      </div>
      <div
        className="col"
      >
        <h3 />
        <h5 />
      </div>
      <div
        className="col"
      >
        <h3 />
        <h5 />
      </div>
      <div
        className="col"
      >
        <h3 />
        <h5 />
      </div>
      <div
        className="col"
      >
        <h3 />
        <h5 />
      </div>
      <div
        className="col"
      >
        <h3 />
        <h5 />
      </div>
      <div
        className="col"
      >
        <h3 />
        <h5 />
      </div>
      <div
        className="col"
      >
        <h3 />
        <h5 />
      </div>
      <div
        className="col"
      >
        <h3 />
        <h5 />
      </div>
      <div
        className="col"
      >
        <h3 />
        <h5 />
      </div>
    </div>
    <div
      className="row"
    >
      <form
        className="test col"
      >
        <div>
          <input
            type="checkbox"
          />
          v
        </div>
        <div>
          <input
            type="checkbox"
          />
          i
        </div>
        <div>
          <input
            type="checkbox"
          />
          o
        </div>
        <div>
          <input
            type="checkbox"
          />
          l
        </div>
        <div>
          <input
            type="checkbox"
          />
          e
        </div>
        <div>
          <input
            type="checkbox"
          />
          n
        </div>
        <div>
          <input
            type="checkbox"
          />
          c
        </div>
        <div>
          <input
            type="checkbox"
          />
          e
        </div>
        <div>
          <input
            type="checkbox"
          />
          T
        </div>
        <div>
          <input
            type="checkbox"
          />
          e
        </div>
        <div>
          <input
            type="checkbox"
          />
          s
        </div>
        <div>
          <input
            type="checkbox"
          />
          t
        </div>
        <div>
          <input
            type="checkbox"
          />
          P
        </div>
        <div>
          <input
            type="checkbox"
          />
          a
        </div>
        <div>
          <input
            type="checkbox"
          />
          g
        </div>
        <div>
          <input
            type="checkbox"
          />
          e
        </div>
        <div>
          <input
            type="checkbox"
          />
          .
        </div>
        <div>
          <input
            type="checkbox"
          />
          t
        </div>
        <div>
          <input
            type="checkbox"
          />
          e
        </div>
        <div>
          <input
            type="checkbox"
          />
          s
        </div>
        <div>
          <input
            type="checkbox"
          />
          t
        </div>
        <div>
          <input
            type="checkbox"
          />
          S
        </div>
        <div>
          <input
            type="checkbox"
          />
          p
        </div>
        <div>
          <input
            type="checkbox"
          />
          e
        </div>
        <div>
          <input
            type="checkbox"
          />
          c
        </div>
        <div>
          <input
            type="checkbox"
          />
          .
        </div>
        <div>
          <input
            type="checkbox"
          />
          0
        </div>
        <div>
          <input
            type="checkbox"
          />
          .
        </div>
        <div>
          <input
            type="checkbox"
          />
          c
        </div>
        <div>
          <input
            type="checkbox"
          />
          h
        </div>
        <div>
          <input
            type="checkbox"
          />
          e
        </div>
        <div>
          <input
            type="checkbox"
          />
          c
        </div>
        <div>
          <input
            type="checkbox"
          />
          k
        </div>
        <div>
          <input
            type="checkbox"
          />
          b
        </div>
        <div>
          <input
            type="checkbox"
          />
          o
        </div>
        <div>
          <input
            type="checkbox"
          />
          x
        </div>
        <div>
          <input
            type="checkbox"
          />
          I
        </div>
        <div>
          <input
            type="checkbox"
          />
          t
        </div>
        <div>
          <input
            type="checkbox"
          />
          e
        </div>
        <div>
          <input
            type="checkbox"
          />
          m
        </div>
        <div>
          <input
            type="checkbox"
          />
          s
        </div>
      </form>
      <form
        className="test col"
      >
        <div>
          <input
            type="checkbox"
          />
          v
        </div>
        <div>
          <input
            type="checkbox"
          />
          i
        </div>
        <div>
          <input
            type="checkbox"
          />
          o
        </div>
        <div>
          <input
            type="checkbox"
          />
          l
        </div>
        <div>
          <input
            type="checkbox"
          />
          e
        </div>
        <div>
          <input
            type="checkbox"
          />
          n
        </div>
        <div>
          <input
            type="checkbox"
          />
          c
        </div>
        <div>
          <input
            type="checkbox"
          />
          e
        </div>
        <div>
          <input
            type="checkbox"
          />
          T
        </div>
        <div>
          <input
            type="checkbox"
          />
          e
        </div>
        <div>
          <input
            type="checkbox"
          />
          s
        </div>
        <div>
          <input
            type="checkbox"
          />
          t
        </div>
        <div>
          <input
            type="checkbox"
          />
          P
        </div>
        <div>
          <input
            type="checkbox"
          />
          a
        </div>
        <div>
          <input
            type="checkbox"
          />
          g
        </div>
        <div>
          <input
            type="checkbox"
          />
          e
        </div>
        <div>
          <input
            type="checkbox"
          />
          .
        </div>
        <div>
          <input
            type="checkbox"
          />
          t
        </div>
        <div>
          <input
            type="checkbox"
          />
          e
        </div>
        <div>
          <input
            type="checkbox"
          />
          s
        </div>
        <div>
          <input
            type="checkbox"
          />
          t
        </div>
        <div>
          <input
            type="checkbox"
          />
          S
        </div>
        <div>
          <input
            type="checkbox"
          />
          p
        </div>
        <div>
          <input
            type="checkbox"
          />
          e
        </div>
        <div>
          <input
            type="checkbox"
          />
          c
        </div>
        <div>
          <input
            type="checkbox"
          />
          .
        </div>
        <div>
          <input
            type="checkbox"
          />
          1
        </div>
        <div>
          <input
            type="checkbox"
          />
          .
        </div>
        <div>
          <input
            type="checkbox"
          />
          c
        </div>
        <div>
          <input
            type="checkbox"
          />
          h
        </div>
        <div>
          <input
            type="checkbox"
          />
          e
        </div>
        <div>
          <input
            type="checkbox"
          />
          c
        </div>
        <div>
          <input
            type="checkbox"
          />
          k
        </div>
        <div>
          <input
            type="checkbox"
          />
          b
        </div>
        <div>
          <input
            type="checkbox"
          />
          o
        </div>
        <div>
          <input
            type="checkbox"
          />
          x
        </div>
        <div>
          <input
            type="checkbox"
          />
          I
        </div>
        <div>
          <input
            type="checkbox"
          />
          t
        </div>
        <div>
          <input
            type="checkbox"
          />
          e
        </div>
        <div>
          <input
            type="checkbox"
          />
          m
        </div>
        <div>
          <input
            type="checkbox"
          />
          s
        </div>
      </form>
      <form
        className="test col"
      >
        <div>
          <input
            type="checkbox"
          />
          v
        </div>
        <div>
          <input
            type="checkbox"
          />
          i
        </div>
        <div>
          <input
            type="checkbox"
          />
          o
        </div>
        <div>
          <input
            type="checkbox"
          />
          l
        </div>
        <div>
          <input
            type="checkbox"
          />
          e
        </div>
        <div>
          <input
            type="checkbox"
          />
          n
        </div>
        <div>
          <input
            type="checkbox"
          />
          c
        </div>
        <div>
          <input
            type="checkbox"
          />
          e
        </div>
        <div>
          <input
            type="checkbox"
          />
          T
        </div>
        <div>
          <input
            type="checkbox"
          />
          e
        </div>
        <div>
          <input
            type="checkbox"
          />
          s
        </div>
        <div>
          <input
            type="checkbox"
          />
          t
        </div>
        <div>
          <input
            type="checkbox"
          />
          P
        </div>
        <div>
          <input
            type="checkbox"
          />
          a
        </div>
        <div>
          <input
            type="checkbox"
          />
          g
        </div>
        <div>
          <input
            type="checkbox"
          />
          e
        </div>
        <div>
          <input
            type="checkbox"
          />
          .
        </div>
        <div>
          <input
            type="checkbox"
          />
          t
        </div>
        <div>
          <input
            type="checkbox"
          />
          e
        </div>
        <div>
          <input
            type="checkbox"
          />
          s
        </div>
        <div>
          <input
            type="checkbox"
          />
          t
        </div>
        <div>
          <input
            type="checkbox"
          />
          S
        </div>
        <div>
          <input
            type="checkbox"
          />
          p
        </div>
        <div>
          <input
            type="checkbox"
          />
          e
        </div>
        <div>
          <input
            type="checkbox"
          />
          c
        </div>
        <div>
          <input
            type="checkbox"
          />
          .
        </div>
        <div>
          <input
            type="checkbox"
          />
          2
        </div>
        <div>
          <input
            type="checkbox"
          />
          .
        </div>
        <div>
          <input
            type="checkbox"
          />
          c
        </div>
        <div>
          <input
            type="checkbox"
          />
          h
        </div>
        <div>
          <input
            type="checkbox"
          />
          e
        </div>
        <div>
          <input
            type="checkbox"
          />
          c
        </div>
        <div>
          <input
            type="checkbox"
          />
          k
        </div>
        <div>
          <input
            type="checkbox"
          />
          b
        </div>
        <div>
          <input
            type="checkbox"
          />
          o
        </div>
        <div>
          <input
            type="checkbox"
          />
          x
        </div>
        <div>
          <input
            type="checkbox"
          />
          I
        </div>
        <div>
          <input
            type="checkbox"
          />
          t
        </div>
        <div>
          <input
            type="checkbox"
          />
          e
        </div>
        <div>
          <input
            type="checkbox"
          />
          m
        </div>
        <div>
          <input
            type="checkbox"
          />
          s
        </div>
      </form>
    </div>
  </div>
</div>
`;
