// Jest Snapshot v1, https://goo.gl/fbAQLP

exports[`renders correctly and matches the snapshot 1`] = `
<div
  className="justify-content-md-center row"
>
  <div
    className="card col"
  >
    <h3>
      Physical Abuse
    </h3>
    <h5>
      Has your partner:
    </h5>
    <form
      className="test"
    >
      <div>
        <input
          type="checkbox"
        />
        Pushed or shoved you?
      </div>
      <div>
        <input
          type="checkbox"
        />
        Held you to keep you from leaving?
      </div>
      <div>
        <input
          type="checkbox"
        />
        Slapped or bit you?
      </div>
      <div>
        <input
          type="checkbox"
        />
        Kicked or choked you?
      </div>
      <div>
        <input
          type="checkbox"
        />
        Hit or punched you?
      </div>
      <div>
        <input
          type="checkbox"
        />
        Thrown objects at you?
      </div>
    </form>
  </div>
  <div
    className="card col"
  >
    <h3>
      Sexual Abuse
    </h3>
    <h5>
      Has your partner:
    </h5>
    <form
      className="test"
    >
      <div>
        <input
          type="checkbox"
        />
        Been jealously angry, assuming you would have sex with others?
      </div>
      <div>
        <input
          type="checkbox"
        />
        Insisted you dress in a more sexual/less sexual way than you wanted?
      </div>
      <div>
        <input
          type="checkbox"
        />
        Criticized you sexually?
      </div>
      <div>
        <input
          type="checkbox"
        />
        Insisted on unwanted or uncomfortable touching?
      </div>
      <div>
        <input
          type="checkbox"
        />
        Withheld sex and/or affection?
      </div>
      <div>
        <input
          type="checkbox"
        />
        Called you sexual names? (e.g. “whore” or “frigid”)
      </div>
      <div>
        <input
          type="checkbox"
        />
        Demanding monogamy from you, while insisting on freedom for self?
      </div>
      <div>
        <input
          type="checkbox"
        />
        Forced sex with them or others or forced you to watch others?
      </div>
      <div>
        <input
          type="checkbox"
        />
        Forced sex after beating?
      </div>
    </form>
  </div>
  <div
    className="card col"
  >
    <h3>
      Emotional Abuse
    </h3>
    <h5>
      Has your partner:
    </h5>
    <form
      className="test"
    >
      <div>
        <input
          type="checkbox"
        />
        Ignored your feelings?
      </div>
      <div>
        <input
          type="checkbox"
        />
        Ridiculed or insulted your most valued beliefs? (i.e. religion, heritage, or class)
      </div>
      <div>
        <input
          type="checkbox"
        />
        Withheld approval, appreciation or affection as punishment?
      </div>
      <div>
        <input
          type="checkbox"
        />
        Continually criticized you, called you names, shouted?
      </div>
      <div>
        <input
          type="checkbox"
        />
        Insulted or drove away your friends or family?
      </div>
      <div>
        <input
          type="checkbox"
        />
        Humiliated you in private or public?
      </div>
    </form>
  </div>
</div>
`;
