// Jest Snapshot v1, https://goo.gl/fbAQLP

exports[`LeaveMessageForm renders correctly and matches the snapshot 1`] = `
<div
  className="contactForm col-md-6 col-12"
>
  <form
    onSubmit={[Function]}
  >
    <div
      className="formInput"
    >
      <label
        htmlFor="fullName"
      >
        contactUs.contactUsForm.nameInputLabel
        <input
          id="fullName"
          name="fullName"
          placeholder="contactUs.contactUsForm.nameInputPlaceholder"
          type="text"
        />
      </label>
    </div>
    <div
      className="formInput"
    >
      <label
        htmlFor="email"
      >
        contactUs.contactUsForm.emailInputLabel
        <input
          id="email"
          name="email"
          placeholder="contactUs.contactUsForm.emailInputPlaceholder"
          type="email"
        />
      </label>
    </div>
    <div
      className="formInput"
    >
      <label
        htmlFor="messageContent"
      >
        contactUs.contactUsForm.messageInputLabel
        <textarea
          aria-label="message"
          id="messageContent"
          name="messageContent"
          placeholder="contactUs.contactUsForm.messageInputPlaceholder"
        />
      </label>
    </div>
    <button
      className="submitBtn"
      type="submit"
    >
      contactUs.contactUsForm.submitBtn
    </button>
  </form>
</div>
`;
