// Jest Snapshot v1, https://goo.gl/fbAQLP

exports[`renders correctly and matches the snapshot 1`] = `
<div
  className="testHeader justify-content-md-center row"
>
  <h1>
    violenceTestPage.header
  </h1>
  <p
    dangerouslySetInnerHTML={
      Object {
        "__html": "violenceTestPage.subHeader",
      }
    }
  />
</div>
`;
