// Jest Snapshot v1, https://goo.gl/fbAQLP

exports[`renders correctly and matches the snapshot 1`] = `
<div
  className="jobsTrainingContent container"
>
  <div
    className="searchBar row"
  >
    <div
      className="container"
    >
      <div
        className="row"
      >
        <div
          className="col"
        >
          <input
            className="mr-sm-2 searchBarInput"
            onChange={[Function]}
            onKeyPress={[Function]}
            placeholder="Search"
          />
          <img
            alt="Search Icon"
            className="searchIcon"
            onClick={[Function]}
            src="searchIcon.svg"
          />
        </div>
      </div>
    </div>
  </div>
  <div
    className="row"
  >
    <div
      className="col-md-3"
    >
      <div
        className="opportunityBtns"
      >
        <button
          className="opportunityListBtn"
          disabled={true}
          onClick={[Function]}
          type="button"
        >
          jobsTrainingPage.buttons.jobOpportunities
        </button>
        <button
          className="opportunityListBtn"
          disabled={false}
          onClick={[Function]}
          type="button"
        >
          jobsTrainingPage.buttons.trainings
        </button>
      </div>
    </div>
    <div
      className="col"
    >
      <div
        className="cards row"
      >
        <div
          className="peachBorder col-md-6 col-sm-12"
        >
          <div
            className="opportunities col"
          >
            <div
              className="postDate"
            />
            <div
              className="title"
            />
            <div
              className="description"
            />
            <span
              className="borderLine"
            />
            <div
              className="contactsDetails"
            >
              <div
                className="address"
              />
              <div
                className="nameOfOpportunityOwner"
              />
              <div
                className="phoneNumber"
              />
            </div>
          </div>
        </div>
        <div
          className="greenBorder col-md-6 col-sm-12"
        >
          <div
            className="opportunities col"
          >
            <div
              className="postDate"
            />
            <div
              className="title"
            />
            <div
              className="description"
            />
            <span
              className="borderLine"
            />
            <div
              className="contactsDetails"
            >
              <div
                className="address"
              />
              <div
                className="nameOfOpportunityOwner"
              />
              <div
                className="phoneNumber"
              />
            </div>
          </div>
        </div>
        <div
          className="peachBorder col-md-6 col-sm-12"
        >
          <div
            className="opportunities col"
          >
            <div
              className="postDate"
            />
            <div
              className="title"
            />
            <div
              className="description"
            />
            <span
              className="borderLine"
            />
            <div
              className="contactsDetails"
            >
              <div
                className="address"
              />
              <div
                className="nameOfOpportunityOwner"
              />
              <div
                className="phoneNumber"
              />
            </div>
          </div>
        </div>
        <div
          className="greenBorder col-md-6 col-sm-12"
        >
          <div
            className="opportunities col"
          >
            <div
              className="postDate"
            />
            <div
              className="title"
            />
            <div
              className="description"
            />
            <span
              className="borderLine"
            />
            <div
              className="contactsDetails"
            >
              <div
                className="address"
              />
              <div
                className="nameOfOpportunityOwner"
              />
              <div
                className="phoneNumber"
              />
            </div>
          </div>
        </div>
        <div
          className="peachBorder col-md-6 col-sm-12"
        >
          <div
            className="opportunities col"
          >
            <div
              className="postDate"
            />
            <div
              className="title"
            />
            <div
              className="description"
            />
            <span
              className="borderLine"
            />
            <div
              className="contactsDetails"
            >
              <div
                className="address"
              />
              <div
                className="nameOfOpportunityOwner"
              />
              <div
                className="phoneNumber"
              />
            </div>
          </div>
        </div>
        <div
          className="greenBorder col-md-6 col-sm-12"
        >
          <div
            className="opportunities col"
          >
            <div
              className="postDate"
            />
            <div
              className="title"
            />
            <div
              className="description"
            />
            <span
              className="borderLine"
            />
            <div
              className="contactsDetails"
            >
              <div
                className="address"
              />
              <div
                className="nameOfOpportunityOwner"
              />
              <div
                className="phoneNumber"
              />
            </div>
          </div>
        </div>
        <div
          className="peachBorder col-md-6 col-sm-12"
        >
          <div
            className="opportunities col"
          >
            <div
              className="postDate"
            />
            <div
              className="title"
            />
            <div
              className="description"
            />
            <span
              className="borderLine"
            />
            <div
              className="contactsDetails"
            >
              <div
                className="address"
              />
              <div
                className="nameOfOpportunityOwner"
              />
              <div
                className="phoneNumber"
              />
            </div>
          </div>
        </div>
        <div
          className="greenBorder col-md-6 col-sm-12"
        >
          <div
            className="opportunities col"
          >
            <div
              className="postDate"
            />
            <div
              className="title"
            />
            <div
              className="description"
            />
            <span
              className="borderLine"
            />
            <div
              className="contactsDetails"
            >
              <div
                className="address"
              />
              <div
                className="nameOfOpportunityOwner"
              />
              <div
                className="phoneNumber"
              />
            </div>
          </div>
        </div>
        <div
          className="peachBorder col-md-6 col-sm-12"
        >
          <div
            className="opportunities col"
          >
            <div
              className="postDate"
            />
            <div
              className="title"
            />
            <div
              className="description"
            />
            <span
              className="borderLine"
            />
            <div
              className="contactsDetails"
            >
              <div
                className="address"
              />
              <div
                className="nameOfOpportunityOwner"
              />
              <div
                className="phoneNumber"
              />
            </div>
          </div>
        </div>
        <div
          className="greenBorder col-md-6 col-sm-12"
        >
          <div
            className="opportunities col"
          >
            <div
              className="postDate"
            />
            <div
              className="title"
            />
            <div
              className="description"
            />
            <span
              className="borderLine"
            />
            <div
              className="contactsDetails"
            >
              <div
                className="address"
              />
              <div
                className="nameOfOpportunityOwner"
              />
              <div
                className="phoneNumber"
              />
            </div>
          </div>
        </div>
        <div
          className="peachBorder col-md-6 col-sm-12"
        >
          <div
            className="opportunities col"
          >
            <div
              className="postDate"
            />
            <div
              className="title"
            />
            <div
              className="description"
            />
            <span
              className="borderLine"
            />
            <div
              className="contactsDetails"
            >
              <div
                className="address"
              />
              <div
                className="nameOfOpportunityOwner"
              />
              <div
                className="phoneNumber"
              />
            </div>
          </div>
        </div>
        <div
          className="greenBorder col-md-6 col-sm-12"
        >
          <div
            className="opportunities col"
          >
            <div
              className="postDate"
            />
            <div
              className="title"
            />
            <div
              className="description"
            />
            <span
              className="borderLine"
            />
            <div
              className="contactsDetails"
            >
              <div
                className="address"
              />
              <div
                className="nameOfOpportunityOwner"
              />
              <div
                className="phoneNumber"
              />
            </div>
          </div>
        </div>
        <div
          className="peachBorder col-md-6 col-sm-12"
        >
          <div
            className="opportunities col"
          >
            <div
              className="postDate"
            />
            <div
              className="title"
            />
            <div
              className="description"
            />
            <span
              className="borderLine"
            />
            <div
              className="contactsDetails"
            >
              <div
                className="address"
              />
              <div
                className="nameOfOpportunityOwner"
              />
              <div
                className="phoneNumber"
              />
            </div>
          </div>
        </div>
        <div
          className="greenBorder col-md-6 col-sm-12"
        >
          <div
            className="opportunities col"
          >
            <div
              className="postDate"
            />
            <div
              className="title"
            />
            <div
              className="description"
            />
            <span
              className="borderLine"
            />
            <div
              className="contactsDetails"
            >
              <div
                className="address"
              />
              <div
                className="nameOfOpportunityOwner"
              />
              <div
                className="phoneNumber"
              />
            </div>
          </div>
        </div>
        <div
          className="peachBorder col-md-6 col-sm-12"
        >
          <div
            className="opportunities col"
          >
            <div
              className="postDate"
            />
            <div
              className="title"
            />
            <div
              className="description"
            />
            <span
              className="borderLine"
            />
            <div
              className="contactsDetails"
            >
              <div
                className="address"
              />
              <div
                className="nameOfOpportunityOwner"
              />
              <div
                className="phoneNumber"
              />
            </div>
          </div>
        </div>
        <div
          className="greenBorder col-md-6 col-sm-12"
        >
          <div
            className="opportunities col"
          >
            <div
              className="postDate"
            />
            <div
              className="title"
            />
            <div
              className="description"
            />
            <span
              className="borderLine"
            />
            <div
              className="contactsDetails"
            >
              <div
                className="address"
              />
              <div
                className="nameOfOpportunityOwner"
              />
              <div
                className="phoneNumber"
              />
            </div>
          </div>
        </div>
        <div
          className="peachBorder col-md-6 col-sm-12"
        >
          <div
            className="opportunities col"
          >
            <div
              className="postDate"
            />
            <div
              className="title"
            />
            <div
              className="description"
            />
            <span
              className="borderLine"
            />
            <div
              className="contactsDetails"
            >
              <div
                className="address"
              />
              <div
                className="nameOfOpportunityOwner"
              />
              <div
                className="phoneNumber"
              />
            </div>
          </div>
        </div>
        <div
          className="greenBorder col-md-6 col-sm-12"
        >
          <div
            className="opportunities col"
          >
            <div
              className="postDate"
            />
            <div
              className="title"
            />
            <div
              className="description"
            />
            <span
              className="borderLine"
            />
            <div
              className="contactsDetails"
            >
              <div
                className="address"
              />
              <div
                className="nameOfOpportunityOwner"
              />
              <div
                className="phoneNumber"
              />
            </div>
          </div>
        </div>
        <div
          className="peachBorder col-md-6 col-sm-12"
        >
          <div
            className="opportunities col"
          >
            <div
              className="postDate"
            />
            <div
              className="title"
            />
            <div
              className="description"
            />
            <span
              className="borderLine"
            />
            <div
              className="contactsDetails"
            >
              <div
                className="address"
              />
              <div
                className="nameOfOpportunityOwner"
              />
              <div
                className="phoneNumber"
              />
            </div>
          </div>
        </div>
        <div
          className="greenBorder col-md-6 col-sm-12"
        >
          <div
            className="opportunities col"
          >
            <div
              className="postDate"
            />
            <div
              className="title"
            />
            <div
              className="description"
            />
            <span
              className="borderLine"
            />
            <div
              className="contactsDetails"
            >
              <div
                className="address"
              />
              <div
                className="nameOfOpportunityOwner"
              />
              <div
                className="phoneNumber"
              />
            </div>
          </div>
        </div>
        <div
          className="peachBorder col-md-6 col-sm-12"
        >
          <div
            className="opportunities col"
          >
            <div
              className="postDate"
            />
            <div
              className="title"
            />
            <div
              className="description"
            />
            <span
              className="borderLine"
            />
            <div
              className="contactsDetails"
            >
              <div
                className="address"
              />
              <div
                className="nameOfOpportunityOwner"
              />
              <div
                className="phoneNumber"
              />
            </div>
          </div>
        </div>
      </div>
    </div>
  </div>
</div>
`;
