// Jest Snapshot v1, https://goo.gl/fbAQLP

exports[`renders correctly and matches the snapshot 1`] = `
<div>
  <div
    className="container"
  >
    <div
      className="row"
    >
      <div
        className="col-md-3"
      >
        <div>
          <button
            className="jobsBtn"
            onClick={[Function]}
            translationKey="button"
            type="button"
          >
            Job Opportunities
          </button>
        </div>
        <div>
          <button
            className="trainingsBtn"
            onClick={[Function]}
            translationKey="button"
            type="button"
          >
            Trainings / Workshops
          </button>
        </div>
      </div>
      <div
        className="col-md-9"
      >
        <div
          className="cards row"
        >
          <div
            className="peachBorder col-md-6 col-sm-12"
          >
            <div
              className="opportunities col"
            >
              <div
                className="postDate"
              />
              <div
                className="title"
              />
              <div
                className="description"
              />
              <span
                className="borderLine"
              />
              <div
                className="contactsDetails"
              >
                <div
                  className="address"
                />
                <div
                  className="nameOfOpportunityOwner"
                />
                <div
                  className="phoneNumber"
                />
              </div>
            </div>
          </div>
          <div
            className="greenBorder col-md-6 col-sm-12"
          >
            <div
              className="opportunities col"
            >
              <div
                className="postDate"
              />
              <div
                className="title"
              />
              <div
                className="description"
              />
              <span
                className="borderLine"
              />
              <div
                className="contactsDetails"
              >
                <div
                  className="address"
                />
                <div
                  className="nameOfOpportunityOwner"
                />
                <div
                  className="phoneNumber"
                />
              </div>
            </div>
          </div>
          <div
            className="peachBorder col-md-6 col-sm-12"
          >
            <div
              className="opportunities col"
            >
              <div
                className="postDate"
              />
              <div
                className="title"
              />
              <div
                className="description"
              />
              <span
                className="borderLine"
              />
              <div
                className="contactsDetails"
              >
                <div
                  className="address"
                />
                <div
                  className="nameOfOpportunityOwner"
                />
                <div
                  className="phoneNumber"
                />
              </div>
            </div>
          </div>
          <div
            className="greenBorder col-md-6 col-sm-12"
          >
            <div
              className="opportunities col"
            >
              <div
                className="postDate"
              />
              <div
                className="title"
              />
              <div
                className="description"
              />
              <span
                className="borderLine"
              />
              <div
                className="contactsDetails"
              >
                <div
                  className="address"
                />
                <div
                  className="nameOfOpportunityOwner"
                />
                <div
                  className="phoneNumber"
                />
              </div>
            </div>
          </div>
          <div
            className="peachBorder col-md-6 col-sm-12"
          >
            <div
              className="opportunities col"
            >
              <div
                className="postDate"
              />
              <div
                className="title"
              />
              <div
                className="description"
              />
              <span
                className="borderLine"
              />
              <div
                className="contactsDetails"
              >
                <div
                  className="address"
                />
                <div
                  className="nameOfOpportunityOwner"
                />
                <div
                  className="phoneNumber"
                />
              </div>
            </div>
          </div>
          <div
            className="greenBorder col-md-6 col-sm-12"
          >
            <div
              className="opportunities col"
            >
              <div
                className="postDate"
              />
              <div
                className="title"
              />
              <div
                className="description"
              />
              <span
                className="borderLine"
              />
              <div
                className="contactsDetails"
              >
                <div
                  className="address"
                />
                <div
                  className="nameOfOpportunityOwner"
                />
                <div
                  className="phoneNumber"
                />
              </div>
            </div>
          </div>
          <div
            className="peachBorder col-md-6 col-sm-12"
          >
            <div
              className="opportunities col"
            >
              <div
                className="postDate"
              />
              <div
                className="title"
              />
              <div
                className="description"
              />
              <span
                className="borderLine"
              />
              <div
                className="contactsDetails"
              >
                <div
                  className="address"
                />
                <div
                  className="nameOfOpportunityOwner"
                />
                <div
                  className="phoneNumber"
                />
              </div>
            </div>
          </div>
          <div
            className="greenBorder col-md-6 col-sm-12"
          >
            <div
              className="opportunities col"
            >
              <div
                className="postDate"
              />
              <div
                className="title"
              />
              <div
                className="description"
              />
              <span
                className="borderLine"
              />
              <div
                className="contactsDetails"
              >
                <div
                  className="address"
                />
                <div
                  className="nameOfOpportunityOwner"
                />
                <div
                  className="phoneNumber"
                />
              </div>
            </div>
          </div>
          <div
            className="peachBorder col-md-6 col-sm-12"
          >
            <div
              className="opportunities col"
            >
              <div
                className="postDate"
              />
              <div
                className="title"
              />
              <div
                className="description"
              />
              <span
                className="borderLine"
              />
              <div
                className="contactsDetails"
              >
                <div
                  className="address"
                />
                <div
                  className="nameOfOpportunityOwner"
                />
                <div
                  className="phoneNumber"
                />
              </div>
            </div>
          </div>
          <div
            className="greenBorder col-md-6 col-sm-12"
          >
            <div
              className="opportunities col"
            >
              <div
                className="postDate"
              />
              <div
                className="title"
              />
              <div
                className="description"
              />
              <span
                className="borderLine"
              />
              <div
                className="contactsDetails"
              >
                <div
                  className="address"
                />
                <div
                  className="nameOfOpportunityOwner"
                />
                <div
                  className="phoneNumber"
                />
              </div>
            </div>
          </div>
          <div
            className="peachBorder col-md-6 col-sm-12"
          >
            <div
              className="opportunities col"
            >
              <div
                className="postDate"
              />
              <div
                className="title"
              />
              <div
                className="description"
              />
              <span
                className="borderLine"
              />
              <div
                className="contactsDetails"
              >
                <div
                  className="address"
                />
                <div
                  className="nameOfOpportunityOwner"
                />
                <div
                  className="phoneNumber"
                />
              </div>
            </div>
          </div>
          <div
            className="greenBorder col-md-6 col-sm-12"
          >
            <div
              className="opportunities col"
            >
              <div
                className="postDate"
              />
              <div
                className="title"
              />
              <div
                className="description"
              />
              <span
                className="borderLine"
              />
              <div
                className="contactsDetails"
              >
                <div
                  className="address"
                />
                <div
                  className="nameOfOpportunityOwner"
                />
                <div
                  className="phoneNumber"
                />
              </div>
            </div>
          </div>
          <div
            className="peachBorder col-md-6 col-sm-12"
          >
            <div
              className="opportunities col"
            >
              <div
                className="postDate"
              />
              <div
                className="title"
              />
              <div
                className="description"
              />
              <span
                className="borderLine"
              />
              <div
                className="contactsDetails"
              >
                <div
                  className="address"
                />
                <div
                  className="nameOfOpportunityOwner"
                />
                <div
                  className="phoneNumber"
                />
              </div>
            </div>
          </div>
          <div
            className="greenBorder col-md-6 col-sm-12"
          >
            <div
              className="opportunities col"
            >
              <div
                className="postDate"
              />
              <div
                className="title"
              />
              <div
                className="description"
              />
              <span
                className="borderLine"
              />
              <div
                className="contactsDetails"
              >
                <div
                  className="address"
                />
                <div
                  className="nameOfOpportunityOwner"
                />
                <div
                  className="phoneNumber"
                />
              </div>
            </div>
          </div>
          <div
            className="peachBorder col-md-6 col-sm-12"
          >
            <div
              className="opportunities col"
            >
              <div
                className="postDate"
              />
              <div
                className="title"
              />
              <div
                className="description"
              />
              <span
                className="borderLine"
              />
              <div
                className="contactsDetails"
              >
                <div
                  className="address"
                />
                <div
                  className="nameOfOpportunityOwner"
                />
                <div
                  className="phoneNumber"
                />
              </div>
            </div>
          </div>
          <div
            className="greenBorder col-md-6 col-sm-12"
          >
            <div
              className="opportunities col"
            >
              <div
                className="postDate"
              />
              <div
                className="title"
              />
              <div
                className="description"
              />
              <span
                className="borderLine"
              />
              <div
                className="contactsDetails"
              >
                <div
                  className="address"
                />
                <div
                  className="nameOfOpportunityOwner"
                />
                <div
                  className="phoneNumber"
                />
              </div>
            </div>
          </div>
          <div
            className="peachBorder col-md-6 col-sm-12"
          >
            <div
              className="opportunities col"
            >
              <div
                className="postDate"
              />
              <div
                className="title"
              />
              <div
                className="description"
              />
              <span
                className="borderLine"
              />
              <div
                className="contactsDetails"
              >
                <div
                  className="address"
                />
                <div
                  className="nameOfOpportunityOwner"
                />
                <div
                  className="phoneNumber"
                />
              </div>
            </div>
          </div>
          <div
            className="greenBorder col-md-6 col-sm-12"
          >
            <div
              className="opportunities col"
            >
              <div
                className="postDate"
              />
              <div
                className="title"
              />
              <div
                className="description"
              />
              <span
                className="borderLine"
              />
              <div
                className="contactsDetails"
              >
                <div
                  className="address"
                />
                <div
                  className="nameOfOpportunityOwner"
                />
                <div
                  className="phoneNumber"
                />
              </div>
            </div>
          </div>
          <div
            className="peachBorder col-md-6 col-sm-12"
          >
            <div
              className="opportunities col"
            >
              <div
                className="postDate"
              />
              <div
                className="title"
              />
              <div
                className="description"
              />
              <span
                className="borderLine"
              />
              <div
                className="contactsDetails"
              >
                <div
                  className="address"
                />
                <div
                  className="nameOfOpportunityOwner"
                />
                <div
                  className="phoneNumber"
                />
              </div>
            </div>
          </div>
          <div
            className="greenBorder col-md-6 col-sm-12"
          >
            <div
              className="opportunities col"
            >
              <div
                className="postDate"
              />
              <div
                className="title"
              />
              <div
                className="description"
              />
              <span
                className="borderLine"
              />
              <div
                className="contactsDetails"
              >
                <div
                  className="address"
                />
                <div
                  className="nameOfOpportunityOwner"
                />
                <div
                  className="phoneNumber"
                />
              </div>
            </div>
          </div>
          <div
            className="peachBorder col-md-6 col-sm-12"
          >
            <div
              className="opportunities col"
            >
              <div
                className="postDate"
              />
              <div
                className="title"
              />
              <div
                className="description"
              />
              <span
                className="borderLine"
              />
              <div
                className="contactsDetails"
              >
                <div
                  className="address"
                />
                <div
                  className="nameOfOpportunityOwner"
                />
                <div
                  className="phoneNumber"
                />
              </div>
            </div>
          </div>
        </div>
      </div>
    </div>
  </div>
</div>
`;
